
> @cluedo/master-ui@0.1.0 start /app/apps/master-ui
> ng serve master-ui --host 0.0.0.0 --port 4300


Warning: This is a simple server for use in testing or debugging Angular applications
locally. It hasn't been reviewed for security issues.

Binding this server to an open connection can result in compromising your application or
computer. Using a different host than the one passed to the "--host" flag might result in
websocket connection issues. You might need to use "--disable-host-check" if that's the
case.
    
- Generating browser application bundles (phase: setup)...
[32m✔[39m Browser application bundle generation complete.

Initial chunk files   | Names         |  Raw size
main.js               | main          |   4.38 MB | 
styles.css, styles.js | styles        | 800.00 kB | 
polyfills.js          | polyfills     | 247.63 kB | 
runtime.js            | runtime       |   6.91 kB | 

                      | Initial total |   5.44 MB

Build at: 2026-03-30T09:58:16.383Z - Hash: dc33cefb66473652 - Time: 23530ms

Warning: /app/node_modules/.pnpm/socket.io-parser@4.2.6/node_modules/socket.io-parser/build/esm-debug/index.js depends on 'debug'. CommonJS or AMD dependencies can cause optimization bailouts.
For more info see: https://angular.dev/tools/cli/build#configuring-commonjs-dependencies



Error: Module not found: Error: Can't resolve '/app/apps/master-ui/src/app/features/control-center/control-center.component.scss?ngResource' in '/app/apps/master-ui'

Error: [96msrc/app/features/control-center/control-center.component.html[0m:[93m43[0m:[93m32[0m - [91merror[0m[90m TS2554: [0mExpected 1 arguments, but got 0.

[7m43[0m               (ngModelChange)="onMaxRoundsChange()"
[7m  [0m [91m                               ~~~~~~~~~~~~~~~~~[0m

  [96msrc/app/features/control-center/control-center.component.ts[0m:[93m44[0m:[93m16[0m
    [7m44[0m   templateUrl: './control-center.component.html',
    [7m  [0m [96m               ~~~~~~~~~~~~~~~~~~~~~~~~~~~~~~~~~[0m
    Error occurs in the template of component ControlCenterComponent.


Error: [96msrc/app/features/control-center/control-center.component.html[0m:[93m54[0m:[93m32[0m - [91merror[0m[90m TS2554: [0mExpected 1 arguments, but got 0.

[7m54[0m               (ngModelChange)="onDifficultyChange()"
[7m  [0m [91m                               ~~~~~~~~~~~~~~~~~~[0m

  [96msrc/app/features/control-center/control-center.component.ts[0m:[93m44[0m:[93m16[0m
    [7m44[0m   templateUrl: './control-center.component.html',
    [7m  [0m [96m               ~~~~~~~~~~~~~~~~~~~~~~~~~~~~~~~~~[0m
    Error occurs in the template of component ControlCenterComponent.


Error: [96msrc/app/features/control-center/control-center.component.html[0m:[93m149[0m:[93m34[0m - [91merror[0m[90m TS2554: [0mExpected 1 arguments, but got 0.

[7m149[0m                 (ngModelChange)="onPlayerNameChange()"
[7m   [0m [91m                                 ~~~~~~~~~~~~~~~~~~[0m

  [96msrc/app/features/control-center/control-center.component.ts[0m:[93m44[0m:[93m16[0m
    [7m44[0m   templateUrl: './control-center.component.html',
    [7m  [0m [96m               ~~~~~~~~~~~~~~~~~~~~~~~~~~~~~~~~~[0m
    Error occurs in the template of component ControlCenterComponent.


Error: [96msrc/app/features/control-center/control-center.component.ts[0m:[93m402[0m:[93m25[0m - [91merror[0m[90m TS2551: [0mProperty 'deleteAllGames' does not exist on type 'GameApiService'. Did you mean 'deleteGame'?

[7m402[0m     this.gameApiService.deleteAllGames().subscribe({
[7m   [0m [91m                        ~~~~~~~~~~~~~~[0m

  [96msrc/app/services/game-api.service.ts[0m:[93m207[0m:[93m3[0m
    [7m207[0m   deleteGame(gameId: string): Observable<ApiResponse<any>> {
    [7m   [0m [96m  ~~~~~~~~~~[0m
    'deleteGame' is declared here.


Error: [96msrc/app/features/control-center/control-center.component.ts[0m:[93m403[0m:[93m14[0m - [91merror[0m[90m TS7006: [0mParameter 'response' implicitly has an 'any' type.

[7m403[0m       next: (response) => {
[7m   [0m [91m             ~~~~~~~~[0m


Error: [96msrc/app/features/control-center/control-center.component.ts[0m:[93m412[0m:[93m15[0m - [91merror[0m[90m TS7006: [0mParameter 'err' implicitly has an 'any' type.

[7m412[0m       error: (err) => {
[7m   [0m [91m              ~~~[0m




** Angular Live Development Server is listening on 0.0.0.0:4300, open your browser on http://localhost:4300/ **


✖ Failed to compile.
[32m✔[39m Browser application bundle generation complete.

Initial chunk files | Names   | Raw size
main.js             | main    |  4.38 MB | 
runtime.js          | runtime |  6.91 kB | 

2 unchanged chunks

Build at: 2026-03-30T09:59:25.477Z - Hash: 2a77832cadf143e5 - Time: 2324ms

Error: Module not found: Error: Can't resolve '/app/apps/master-ui/src/app/features/control-center/control-center.component.scss?ngResource' in '/app/apps/master-ui'

Error: [96msrc/app/features/control-center/control-center.component.html[0m:[93m43[0m:[93m32[0m - [91merror[0m[90m TS2554: [0mExpected 1 arguments, but got 0.

[7m43[0m               (ngModelChange)="onMaxRoundsChange()"
[7m  [0m [91m                               ~~~~~~~~~~~~~~~~~[0m

  [96msrc/app/features/control-center/control-center.component.ts[0m:[93m44[0m:[93m16[0m
    [7m44[0m   templateUrl: './control-center.component.html',
    [7m  [0m [96m               ~~~~~~~~~~~~~~~~~~~~~~~~~~~~~~~~~[0m
    Error occurs in the template of component ControlCenterComponent.


Error: [96msrc/app/features/control-center/control-center.component.html[0m:[93m54[0m:[93m32[0m - [91merror[0m[90m TS2554: [0mExpected 1 arguments, but got 0.

[7m54[0m               (ngModelChange)="onDifficultyChange()"
[7m  [0m [91m                               ~~~~~~~~~~~~~~~~~~[0m

  [96msrc/app/features/control-center/control-center.component.ts[0m:[93m44[0m:[93m16[0m
    [7m44[0m   templateUrl: './control-center.component.html',
    [7m  [0m [96m               ~~~~~~~~~~~~~~~~~~~~~~~~~~~~~~~~~[0m
    Error occurs in the template of component ControlCenterComponent.


Error: [96msrc/app/features/control-center/control-center.component.html[0m:[93m149[0m:[93m34[0m - [91merror[0m[90m TS2554: [0mExpected 1 arguments, but got 0.

[7m149[0m                 (ngModelChange)="onPlayerNameChange()"
[7m   [0m [91m                                 ~~~~~~~~~~~~~~~~~~[0m

  [96msrc/app/features/control-center/control-center.component.ts[0m:[93m44[0m:[93m16[0m
    [7m44[0m   templateUrl: './control-center.component.html',
    [7m  [0m [96m               ~~~~~~~~~~~~~~~~~~~~~~~~~~~~~~~~~[0m
    Error occurs in the template of component ControlCenterComponent.


Error: [96msrc/app/features/control-center/control-center.component.ts[0m:[93m402[0m:[93m25[0m - [91merror[0m[90m TS2551: [0mProperty 'deleteAllGames' does not exist on type 'GameApiService'. Did you mean 'deleteGame'?

[7m402[0m     this.gameApiService.deleteAllGames().subscribe({
[7m   [0m [91m                        ~~~~~~~~~~~~~~[0m

  [96msrc/app/services/game-api.service.ts[0m:[93m207[0m:[93m3[0m
    [7m207[0m   deleteGame(gameId: string): Observable<ApiResponse<any>> {
    [7m   [0m [96m  ~~~~~~~~~~[0m
    'deleteGame' is declared here.




✖ Failed to compile.
[32m✔[39m Browser application bundle generation complete.

Initial chunk files | Names   | Raw size
main.js             | main    |  4.38 MB | 
runtime.js          | runtime |  6.91 kB | 

2 unchanged chunks

Build at: 2026-03-30T10:02:14.061Z - Hash: 6778142151d48580 - Time: 2514ms

Error: [96msrc/app/features/control-center/control-center.component.html[0m:[93m43[0m:[93m32[0m - [91merror[0m[90m TS2554: [0mExpected 1 arguments, but got 0.

[7m43[0m               (ngModelChange)="onMaxRoundsChange()"
[7m  [0m [91m                               ~~~~~~~~~~~~~~~~~[0m

  [96msrc/app/features/control-center/control-center.component.ts[0m:[93m44[0m:[93m16[0m
    [7m44[0m   templateUrl: './control-center.component.html',
    [7m  [0m [96m               ~~~~~~~~~~~~~~~~~~~~~~~~~~~~~~~~~[0m
    Error occurs in the template of component ControlCenterComponent.


Error: [96msrc/app/features/control-center/control-center.component.html[0m:[93m54[0m:[93m32[0m - [91merror[0m[90m TS2554: [0mExpected 1 arguments, but got 0.

[7m54[0m               (ngModelChange)="onDifficultyChange()"
[7m  [0m [91m                               ~~~~~~~~~~~~~~~~~~[0m

  [96msrc/app/features/control-center/control-center.component.ts[0m:[93m44[0m:[93m16[0m
    [7m44[0m   templateUrl: './control-center.component.html',
    [7m  [0m [96m               ~~~~~~~~~~~~~~~~~~~~~~~~~~~~~~~~~[0m
    Error occurs in the template of component ControlCenterComponent.


Error: [96msrc/app/features/control-center/control-center.component.html[0m:[93m149[0m:[93m34[0m - [91merror[0m[90m TS2554: [0mExpected 1 arguments, but got 0.

[7m149[0m                 (ngModelChange)="onPlayerNameChange()"
[7m   [0m [91m                                 ~~~~~~~~~~~~~~~~~~[0m

  [96msrc/app/features/control-center/control-center.component.ts[0m:[93m44[0m:[93m16[0m
    [7m44[0m   templateUrl: './control-center.component.html',
    [7m  [0m [96m               ~~~~~~~~~~~~~~~~~~~~~~~~~~~~~~~~~[0m
    Error occurs in the template of component ControlCenterComponent.




✖ Failed to compile.
[32m✔[39m Browser application bundle generation complete.

Initial chunk files | Names   | Raw size
main.js             | main    |  4.38 MB | 
runtime.js          | runtime |  6.91 kB | 

2 unchanged chunks

Build at: 2026-03-30T10:04:20.099Z - Hash: 33400afa269b0df1 - Time: 2227ms

Error: Module not found: Error: Can't resolve '/app/apps/master-ui/src/app/features/control-center/control-center.component.scss?ngResource' in '/app/apps/master-ui'



✖ Failed to compile.
[32m✔[39m Browser application bundle generation complete.

Initial chunk files | Names   | Raw size
main.js             | main    |  4.38 MB | 
runtime.js          | runtime |  6.91 kB | 

2 unchanged chunks

Build at: 2026-03-30T10:05:10.667Z - Hash: f0d29bfe083188a8 - Time: 1593ms

✔ Compiled successfully.
[32m✔[39m Browser application bundle generation complete.

Initial chunk files | Names   | Raw size
main.js             | main    |  4.38 MB |
runtime.js          | runtime |  6.91 kB |

2 unchanged chunks

Build at: 2026-03-30T11:06:54.927Z - Hash: 508646dc402bcee6 - Time: 13016ms

✔ Compiled successfully.
