
> @cluedo/player-ui@0.1.0 start
> ng serve player-ui --host 0.0.0.0 --port 4200


Warning: This is a simple server for use in testing or debugging Angular applications
locally. It hasn't been reviewed for security issues.

Binding this server to an open connection can result in compromising your application or
computer. Using a different host than the one passed to the "--host" flag might result in
websocket connection issues. You might need to use "--disable-host-check" if that's the
case.

- Generating browser application bundles (phase: setup)...
[32m✔[39m Browser application bundle generation complete.

Initial chunk files   | Names                                                 |  Raw size
main.js               | main                                                  |   2.78 MB |
styles.css, styles.js | styles                                                | 800.00 kB |
polyfills.js          | polyfills                                             | 247.63 kB |
runtime.js            | runtime                                               |  13.16 kB |

                      | Initial total                                         |   3.84 MB

Lazy chunk files      | Names                                                 |  Raw size
920.js                | pages-detective-notebook-detective-notebook-component | 863.82 kB |
704.js                | pages-detective-notebook-detective-notebook-component | 244.47 kB |
377.js                | pages-join-game-join-game-page-component              | 159.92 kB |
90.js                 | pages-game-game-page-component                        | 155.66 kB |
854.js                | pages-accusation-accusation-component                 | 133.74 kB |
608.js                | pages-join-game-join-game-page-component              |  76.52 kB |
60.js                 | pages-game-info-game-info-component                   |  49.89 kB |
294.js                | pages-participants-participants-component             |  44.72 kB |
376.js                | pages-solution-solution-component                     |  27.88 kB |
284.js                | pages-instructions-instructions-component             |  25.03 kB |
604.js                | pages-participants-participants-component             |  22.06 kB |
997.js                | pages-introduction-introduction-component             |  19.17 kB |
common.js             | common                                                |  15.87 kB |
842.js                | pages-introduction-introduction-component             |  13.86 kB |

Build at: 2026-03-31T10:38:51.873Z - Hash: bb2d051f8ad69799 - Time: 11521ms

Warning: /app/node_modules/.pnpm/socket.io-parser@4.2.6/node_modules/socket.io-parser/build/esm-debug/index.js depends on 'debug'. CommonJS or AMD dependencies can cause optimization bailouts.
For more info see: https://angular.dev/tools/cli/build#configuring-commonjs-dependencies



** Angular Live Development Server is listening on 0.0.0.0:4200, open your browser on http://localhost:4200/ **


✔ Compiled successfully.
[32m✔[39m Browser application bundle generation complete.

Initial chunk files | Names   | Raw size
runtime.js          | runtime | 13.16 kB |

17 unchanged chunks

Build at: 2026-03-31T10:39:43.184Z - Hash: f99fc45514bd4bd5 - Time: 2031ms

✔ Compiled successfully.
[32m✔[39m Browser application bundle generation complete.



18 unchanged chunks

Build at: 2026-03-31T10:47:21.163Z - Hash: f99fc45514bd4bd5 - Time: 1454ms

✔ Compiled successfully.
Terminated
npm error Lifecycle script `start` failed with error:
npm error code 143
npm error path /app/apps/player-ui
npm error workspace @cluedo/player-ui@0.1.0
npm error location /app/apps/player-ui
npm error command failed
npm error command sh -c ng serve player-ui --host 0.0.0.0 --port 4200
